目标 241 条｜已成功 5 条｜本轮待拉 236 条｜间隔 1.5s
[  1/236] ✓ US  sold=96750     score=4.5  rev=5155    desc=1428  legal=2  SUNGBOON EDITOR
[  2/236] ✓ US  sold=98540     score=4.6  rev=9603    desc=481   legal=2  Chemist at Play
[  3/236] ✓ US  sold=444007    score=4    rev=35597   desc=2545  legal=2  PHOFAY-Skin Care
[  4/236] ✓ US  sold=437216    score=4.1  rev=30703   desc=1677  legal=2  Dr.Melaxin
[  5/236] ✓ US  sold=356750    score=4.4  rev=20912   desc=1904  legal=2  Osaka Ebisu
[  6/236] ✓ US  sold=255875    score=4.3  rev=36622   desc=963   legal=2  QAWAFI
[  7/236] ✓ US  sold=327587    score=4.5  rev=35994   desc=1353  legal=2  OANVA US
[  8/236] ✓ US  sold=654       score=5    rev=2       desc=732   legal=2  Laneige US
[  9/236] ✓ US  sold=147       score=0    rev=0       desc=1352  legal=2  Triple Traders Onlin
[ 10/236] ✓ ID  sold=1299416   score=4.8  rev=126134  desc=1494  legal=1  JJ Glow Skin
[ 11/236] ✓ ID  sold=356314    score=4.7  rev=23990   desc=741   legal=1  MLAN Lash Studio
[ 12/236] ✓ ID  sold=13440288  score=4.8  rev=851804  desc=3418  legal=1  Maybelline Indonesia
[ 13/236] ✓ ID  sold=3691499   score=4.8  rev=429153  desc=1427  legal=1  Kime Skincare Shop
[ 14/236] ✓ ID  sold=1191603   score=4.8  rev=144749  desc=2011  legal=1  SYB
[ 15/236] ✓ ID  sold=1783893   score=4.8  rev=138987  desc=1367  legal=1  Moicare Indonesia
[ 16/236] ✓ ID  sold=791834    score=4.8  rev=49517   desc=325   legal=1  Beauty Talk Cosmetic
[ 17/236] ✓ ID  sold=402597    score=4.8  rev=32955   desc=1494  legal=1  JJ Glow Skin
[ 18/236] ✓ ID  sold=808139    score=4.8  rev=86569   desc=1388  legal=1  liora beauty
[ 19/236] ✓ ID  sold=2075070   score=4.8  rev=19428   desc=1393  legal=1  ELDORE ID
[ 20/236] ✓ ID  sold=1624702   score=4.9  rev=49828   desc=412   legal=0  Scarlett Whitening
[ 21/236] ✓ ID  sold=274685    score=4.9  rev=29924   desc=773   legal=1  Mossèru
[ 22/236] ✓ ID  sold=1357797   score=4.8  rev=154280  desc=971   legal=1  Azalea Beauty
[ 23/236] ✓ ID  sold=149965    score=4.8  rev=17013   desc=1500  legal=1  liora beauty
[ 24/236] ✓ ID  sold=825677    score=4.5  rev=24286   desc=359   legal=0  Hire Cosmetic
[ 25/236] ✓ ID  sold=46681     score=4.8  rev=3578    desc=1232  legal=0  MYS Exquisite Woman
[ 26/236] ✓ ID  sold=1310620   score=4.9  rev=130164  desc=2626  legal=1  npureofficial
[ 27/236] ✓ ID  sold=1211788   score=4.8  rev=111649  desc=975   legal=1  Makarizo
[ 28/236] ✓ ID  sold=347240    score=4.9  rev=29413   desc=1484  legal=0  HOHOISYOU Bulu Mata 
[ 29/236] ✓ ID  sold=394223    score=4.8  rev=51911   desc=1072  legal=1  Animate
[ 30/236] ✓ ID  sold=726843    score=4.7  rev=65919   desc=855   legal=1  Honnete Skin
[ 31/236] ✓ ID  sold=259695    score=4.9  rev=21283   desc=873   legal=1  Aftermyskin
[ 32/236] ✓ ID  sold=723712    score=4.8  rev=79107   desc=667   legal=1  Azalea Beauty
[ 33/236] ✓ ID  sold=120397    score=4.9  rev=5593    desc=2517  legal=1  Drify Id
[ 34/236] ✓ ID  sold=165132    score=4.9  rev=18428   desc=2222  legal=1  SYB ID
[ 35/236] ✓ ID  sold=6774375   score=4.8  rev=683404  desc=2142  legal=1  Metoo Beauty
[ 36/236] ✓ ID  sold=285549    score=4.8  rev=36606   desc=858   legal=1  Drve store 1
[ 37/236] ✓ ID  sold=312476    score=4.8  rev=6482    desc=2702  legal=1  NIVEA Official Store
[ 38/236] ✓ ID  sold=446009    score=4.8  rev=73203   desc=903   legal=1  Madame Gie Cosmetics
[ 39/236] ✓ ID  sold=312035    score=4.8  rev=33605   desc=2723  legal=1  JUNNY ID
[ 40/236] ✓ ID  sold=1628484   score=4.9  rev=161718  desc=3289  legal=1  glad2glow.indo
[ 41/236] ✓ ID  sold=1747016   score=4.9  rev=66603   desc=436   legal=0  Scarlett Whitening
[ 42/236] ✓ ID  sold=2465327   score=4.9  rev=215812  desc=1718  legal=1  OMG Store
[ 43/236] ✓ ID  sold=65159     score=4.8  rev=5871    desc=1525  legal=0  Ollava Skin 2
[ 44/236] ✓ ID  sold=232240    score=4.8  rev=6709    desc=0     legal=0  KebutuhanRumah.
[ 45/236] ✓ ID  sold=939837    score=4.9  rev=75351   desc=169   legal=1  OMG Store
[ 46/236] ✓ ID  sold=294420    score=4.8  rev=29098   desc=2099  legal=1  SYBSHOPP
[ 47/236] ✓ ID  sold=104074    score=4.6  rev=13881   desc=1733  legal=0  EXOTIC PARFUM
[ 48/236] ✓ ID  sold=697082    score=4.9  rev=75983   desc=1397  legal=0  Olaif
[ 49/236] ✓ ID  sold=655052    score=4.9  rev=40373   desc=1439  legal=1  glad2glow.indo
[ 50/236] ✓ ID  sold=719256    score=4.8  rev=109004  desc=476   legal=1  Leeva.id
[ 51/236] ✓ ID  sold=1952139   score=4.9  rev=111740  desc=478   legal=1  Watsons Indonesia
[ 52/236] ✓ ID  sold=224569    score=4.9  rev=37271   desc=1642  legal=1  TishaCosmetics
[ 53/236] ✓ ID  sold=433324    score=4.8  rev=50044   desc=4856  legal=0  Sandrinna Perfume
[ 54/236] ✓ ID  sold=1242488   score=4.8  rev=55444   desc=1882  legal=1  Asfindo Scents
[ 55/236] ✓ ID  sold=919145    score=4.8  rev=77308   desc=1115  legal=1  DAZZLE ME Indonesia
[ 56/236] ✓ ID  sold=53593     score=4.7  rev=6437    desc=39    legal=1  Aftermyskin
[ 57/236] ✓ ID  sold=709100    score=4.8  rev=55035   desc=459   legal=1  Viva Cosmetics Surab
[ 58/236] ✓ ID  sold=2392546   score=4.9  rev=264874  desc=2893  legal=1  Hanasui
[ 59/236] ✓ ID  sold=219860    score=4.8  rev=21623   desc=1572  legal=1  eminacosmetics
[ 60/236] ✓ ID  sold=77119     score=4.9  rev=9087    desc=0     legal=1  FunMee Beauty
[ 61/236] ✓ ID  sold=19677     score=4.8  rev=1498    desc=1232  legal=0  MYS Exquisite Woman
[ 62/236] ✓ ID  sold=23048     score=4.8  rev=1784    desc=5819  legal=1  SYB
[ 63/236] ✓ ID  sold=254745    score=4.6  rev=27081   desc=1162  legal=1  BioEssence.id
[ 64/236] ✓ ID  sold=661802    score=4.8  rev=74259   desc=97    legal=1  Perface Indonesia
[ 65/236] ✓ ID  sold=295734    score=4.8  rev=45104   desc=1088  legal=1  CyeecareOfficial
[ 66/236] ✓ ID  sold=15459     score=4.9  rev=395     desc=826   legal=0  Drify Id
[ 67/236] ✓ ID  sold=1393620   score=4.7  rev=133092  desc=418   legal=1  SKINCARE IBS
[ 68/236] ✓ ID  sold=30413     score=4.5  rev=1280    desc=551   legal=1  GoldenArtha
[ 69/236] ✓ ID  sold=122576    score=4.8  rev=15775   desc=932   legal=0  SUN SUN MART
[ 70/236] ✓ ID  sold=232270    score=4.7  rev=10680   desc=1153  legal=1  Implora Cosmetics
[ 71/236] ✓ ID  sold=840175    score=4.7  rev=55856   desc=1366  legal=1  Veet Indonesia Store
[ 72/236] ✓ ID  sold=1262      score=0    rev=0       desc=61    legal=1  Animate
[ 73/236] ✓ ID  sold=2220      score=0    rev=0       desc=1528  legal=1  La Roche Posay
[ 74/236] ✓ ID  sold=641       score=4.7  rev=14      desc=487   legal=1  FILLIZI.ID-1
[ 75/236] ✓ ID  sold=839       score=4.8  rev=24      desc=559   legal=0  pxaovushop
[ 76/236] ✓ ID  sold=214       score=4.5  rev=13      desc=134   legal=1  Mhels beauty
[ 77/236] ✓ ID  sold=321       score=4.9  rev=10      desc=1997  legal=1  Trumanaiy TKSHOP
[ 78/236] ✓ ID  sold=136       score=4.9  rev=9       desc=58    legal=0  Toko Obat Tjhong Hin
[ 79/236] ✓ ID  sold=184       score=4.9  rev=13      desc=786   legal=1  Rasycashop
[ 80/236] ✓ ID  sold=338       score=5    rev=1       desc=642   legal=1  SOME BY MI SHOP
[ 81/236] ✓ ID  sold=113       score=5    rev=4       desc=162   legal=1  Mega findo
[ 82/236] ✓ ID  sold=210       score=4.9  rev=16      desc=994   legal=1  D.Whale Cos NEW
[ 83/236] ✗ JP  国内発送 送料無料 まつ毛下地 マスカラベース ロングボ   HTTP 400 {"detail":{"code":400,"request_id":"3cc4953b-3b6d-4b53-8b97-d
[ 84/236] ✓ SG  sold=1891      score=0    rev=0       desc=475   legal=0  DT Department Store
[ 85/236] ✓ MY  sold=87241     score=4.3  rev=7       desc=0     legal=0  Teashell Malaysia
[ 86/236] ✓ MY  sold=323279    score=4.8  rev=16927   desc=3548  legal=0  Fereena Beauty Offic
[ 87/236] ✗ MY  BIOAQUA Centella Collagen Hy   HTTP 400 {"detail":{"code":400,"request_id":"d240d8e5-d501-44d0-ab69-d
[ 88/236] ✗ MY  Bar Syampu Daun Thuja | Penj   HTTP 400 {"detail":{"code":400,"request_id":"e3d3d5d5-a1df-49cf-aa54-1
[ 89/236] ✓ MY  sold=697       score=4.7  rev=53      desc=0     legal=0  Downhome Local Hub
[ 90/236] ✓ MY  sold=343       score=4.7  rev=11      desc=0     legal=0  wwhuan1
[ 91/236] ✗ MY  A【HOT】Pensel Eyeliner Gel Ul   HTTP 400 {"detail":{"code":400,"request_id":"666a53e4-1b59-4007-b8f4-a
[ 92/236] ✓ MY  sold=264       score=5    rev=5       desc=0     legal=0  gfhyu992
[ 93/236] ✓ MY  sold=194       score=3    rev=2       desc=0     legal=0  ZhongxiangTrading
[ 94/236] ✗ MY  DISKAUN 50%！Sabun Syampu Dau   HTTP 400 {"detail":{"code":400,"request_id":"9010f4fd-66ef-4a6d-ab07-1
[ 95/236] ✓ MY  sold=412       score=4.7  rev=33      desc=0     legal=0  Ciel Satin Flora Glo
[ 96/236] ✓ MY  sold=156       score=4.9  rev=10      desc=0     legal=0  Rosorique Cosmetic H
[ 97/236] ✗ MY  【COD】Bebola Penghalau Tikus    HTTP 400 {"detail":{"code":400,"request_id":"a7abd67a-45d1-423c-9c98-b
[ 98/236] ✗ MY  [Stok tersedia & sedia dihan   HTTP 400 {"detail":{"code":400,"request_id":"f688037b-e2d9-410c-8ba6-0
[ 99/236] ✗ MY  Krim kulit melembapkan OGULI   HTTP 400 {"detail":{"code":400,"request_id":"0ed1c34e-275b-43dc-a45d-e
