目标 42 条｜已成功 5 条｜本轮待拉 37 条｜间隔 1.2s
[  1/ 37] ✓ VN →ID  sold=99341     score=4.5  rev=2626    desc=0     legal=0  SAFEMILD Skincare St
[  2/ 37] ✓ VN →ID  sold=277921    score=5    rev=3       desc=56    legal=0  COLORKEY COSMETICS V
[  3/ 37] ✓ VN      sold=319061    score=0    rev=0       desc=602   legal=0  KTINO VIETNAM
[  4/ 37] ✓ VN →ID  sold=194005    score=4.7  rev=3774    desc=1964  legal=0  Unilever - Chăm Sóc 
[  5/ 37] ✓ VN →ID  sold=406991    score=3    rev=1       desc=63    legal=0  CeraVe Việt Nam
[  6/ 37] ✓ VN      sold=62924     score=0    rev=0       desc=0     legal=0  MISTINE BWG VN
[  7/ 37] ✓ VN      sold=402571    score=4.7  rev=11172   desc=715   legal=0  MILAI Vietnam
[  8/ 37] ✓ VN      sold=610209    score=3    rev=2       desc=303   legal=0  Unilever Beauty
[  9/ 37] ✓ VN      sold=1651119   score=4.6  rev=62849   desc=0     legal=0  FANEYES SHOP1
[ 10/ 37] ✓ VN →ID  sold=39157     score=0    rev=0       desc=561   legal=0  Cửa hàng hàng đầu củ
[ 11/ 37] ✓ VN      sold=1992256   score=5    rev=1       desc=111   legal=0  CeraVe Việt Nam
[ 12/ 37] ✓ VN →ID  sold=22217     score=5    rev=14      desc=1546  legal=0  Cô Nông Dân 1981
[ 13/ 37] ✓ VN      sold=1281670   score=5    rev=2       desc=86    legal=0  CeraVe Việt Nam
[ 14/ 37] ✓ VN →ID  sold=897728    score=4.7  rev=48133   desc=0     legal=0  Jasmeen White & Fres
[ 15/ 37] ✓ VN →ID  sold=152329    score=4.6  rev=11488   desc=0     legal=0  JMCY Cosmetics VN
[ 16/ 37] ✓ VN      sold=547806    score=4.5  rev=54710   desc=2388  legal=0  Y&W STORE.VN
[ 17/ 37] ✓ VN      sold=238105    score=4    rev=2       desc=0     legal=0  MISTINE BWG VN
[ 18/ 37] ✓ VN →ID  sold=249578    score=4.8  rev=117     desc=163   legal=0  COLORKEY LUMINOUS VI
[ 19/ 37] ✓ VN →ID  sold=1726      score=0    rev=0       desc=2038  legal=0  TOKYO ELITE-Lông Mềm
[ 20/ 37] ✓ VN →ID  sold=826       score=0    rev=0       desc=0     legal=0  SkinDilys Viet Nam
[ 21/ 37] ✓ VN →ID  sold=1061      score=3.7  rev=17      desc=0     legal=0  Lumessia Beauty Hous
[ 22/ 37] ✓ VN      sold=618       score=5    rev=9       desc=0     legal=0  Dr.ville VN shop
[ 23/ 37] ✓ VN →ID  sold=1676      score=4.1  rev=17      desc=0     legal=0  Golden Hour Cosmetic
[ 24/ 37] ✓ VN →ID  sold=578       score=4.8  rev=8       desc=0     legal=0  Aureline Petal Ateli
[ 25/ 37] ✓ VN      sold=880       score=4.5  rev=24      desc=0     legal=0  Thorne Iris Radiance
[ 26/ 37] ✓ VN →ID  sold=337       score=4.5  rev=2       desc=0     legal=0  Floratique Velvet St
