目标 63 条｜已成功 1 条｜本轮待拉 62 条｜间隔 1.2s
[  1/ 62] ✓ TH      sold=322972    score=4.7  rev=28474   desc=324   legal=0  Ness herbal
[  2/ 62] ✓ TH      sold=2234646   score=4.9  rev=182855  desc=810   legal=0  Maybelline TH
[  3/ 62] ✓ TH →ID  sold=242732    score=4.7  rev=21436   desc=0     legal=0  Teashell TH
[  4/ 62] ✓ TH      sold=3011947   score=4.8  rev=67803   desc=0     legal=0  Cay.Home
[  5/ 62] ✓ TH →ID  sold=147839    score=4.7  rev=1806    desc=0     legal=0  Mini-home
[  6/ 62] ✓ TH →ID  sold=152054    score=4.8  rev=8383    desc=0     legal=0  Yatawee Shop
[  7/ 62] ✓ TH →ID  sold=640555    score=4.8  rev=61675   desc=0     legal=0  Teashell TH
[  8/ 62] ✓ TH      sold=705235    score=4.7  rev=30602   desc=62    legal=0  อุ้นสาธิดาเฮิร์บ
[  9/ 62] ✓ TH      sold=42914     score=4.8  rev=1576    desc=2450  legal=0  Feyre Store
[ 10/ 62] ✓ TH      sold=34752     score=0    rev=0       desc=0     legal=0  Happy Girl Nail Art
[ 11/ 62] ✓ TH →ID  sold=188178    score=4.9  rev=11381   desc=1165  legal=0  SUPERMOM COSMETICS
[ 12/ 62] ✓ TH →ID  sold=988741    score=4.7  rev=93357   desc=1874  legal=0  TODDA Thailand
[ 13/ 62] ✓ TH →ID  sold=334728    score=4.9  rev=28968   desc=115   legal=0  CEO V WHITE
[ 14/ 62] ✓ TH      sold=65568     score=4.8  rev=4701    desc=1137  legal=0  Oukeya Thailand Shop
[ 15/ 62] ✓ TH →ID  sold=2159909   score=4.9  rev=226241  desc=100   legal=0  YerpallThailand
[ 16/ 62] ✓ TH      sold=1215669   score=4.8  rev=125410  desc=0     legal=0  JMCY Beauty.TH
[ 17/ 62] ✓ TH      sold=136636    score=4.8  rev=10032   desc=0     legal=0  BUBBLE FRESH TH
[ 18/ 62] ✓ TH →ID  sold=145832    score=4.8  rev=13233   desc=126   legal=0  BY.Loresh
[ 19/ 62] ✓ TH →ID  sold=296758    score=4.8  rev=1754    desc=447   legal=0  pala makeup
[ 20/ 62] ✓ TH      sold=96810     score=4.8  rev=8354    desc=0     legal=0  JMCY Beauty.TH
[ 21/ 62] ✓ TH →ID  sold=505752    score=4.9  rev=53165   desc=202   legal=0  ซ้อฝันช่องจริง ตะกร้
[ 22/ 62] ✓ TH      sold=38180     score=4.9  rev=2871    desc=397   legal=0  ซ้อฝันช่องจริง ตะกร้
[ 23/ 62] ✓ TH      sold=747565    score=4.9  rev=53661   desc=1314  legal=0  drpongshop
[ 24/ 62] ✓ TH →ID  sold=1351653   score=4.9  rev=139506  desc=825   legal=0  Oukeya Thailand Shop
[ 25/ 62] ✓ TH      sold=48323     score=4.8  rev=2249    desc=419   legal=0  Hottie nails art
[ 26/ 62] ✓ TH →ID  sold=28444     score=4.9  rev=1087    desc=1330  legal=0  Meegoodstore
