目标 21 条｜已成功 0 条｜本轮待拉 21 条｜间隔 1.2s
[  1/ 21] ✓ TH      sold=242736    score=4.7  rev=21436   desc=0     legal=0  Teashell TH
[  2/ 21] ✓ TH      sold=152046    score=4.8  rev=8383    desc=0     legal=0  Yatawee Shop
[  3/ 21] ✓ TH →ID  sold=6697241   score=4.8  rev=208846  desc=464   legal=0  Nownow shop 000
[  4/ 21] ✓ TH      sold=188173    score=4.9  rev=11381   desc=1165  legal=0  SUPERMOM COSMETICS
[  5/ 21] ✓ TH →ID  sold=65563     score=4.8  rev=4701    desc=1137  legal=0  Oukeya Thailand Shop
[  6/ 21] ✓ TH →ID  sold=136627    score=4.8  rev=10032   desc=0     legal=0  BUBBLE FRESH TH
[  7/ 21] ✓ TH      sold=96800     score=4.8  rev=8354    desc=0     legal=0  JMCY Beauty.TH
[  8/ 21] ✓ TH →ID  sold=747543    score=4.9  rev=53659   desc=1314  legal=0  drpongshop
[  9/ 21] ✓ TH      sold=28444     score=4.9  rev=1087    desc=1330  legal=0  Meegoodstore
[ 10/ 21] ✓ TH →ID  sold=2649649   score=4.8  rev=59721   desc=386   legal=0  JULUJAT SHOP
[ 11/ 21] ✓ TH →ID  sold=1601      score=2.9  rev=30      desc=0     legal=0  CNTHCBWNLNLT
[ 12/ 21] ✓ TH →ID  sold=725       score=4.5  rev=13      desc=0     legal=0  Aurevella Glow House
[ 13/ 21] ✓ TH      sold=870       score=4.6  rev=15      desc=0     legal=0  Ridge Silken Dusk Be
[ 14/ 21] ✓ TH      sold=904       score=4.4  rev=30      desc=0     legal=0  Dreamy Face Studio
[ 15/ 21] ✓ TH →ID  sold=1164      score=2.4  rev=16      desc=0     legal=0  CNTHCBWNLNLT
[ 16/ 21] ✓ TH      sold=883       score=4.7  rev=16      desc=0     legal=0  Velorisse Beauty Hou
[ 17/ 21] ✓ TH      sold=501       score=5    rev=1       desc=103   legal=0  Yi Zhi Trading
[ 18/ 21] ✓ TH      sold=677       score=4.1  rev=14      desc=0     legal=0  Florentia Velvet Cos
[ 19/ 21] ✓ TH      sold=327       score=4    rev=7       desc=0     legal=0  Bellessia Glow Studi
[ 20/ 21] ✓ TH      sold=173       score=5    rev=7       desc=1635  legal=0  Watsons Thailand
[ 21/ 21] ✓ TH →ID  sold=113       score=5    rev=8       desc=1139  legal=0  Rcioe

本轮 成功 21 / 失败 0 ｜ 耗时 489 秒
累计成功 21 / 21 条（100%）
有评分 21｜有评价数 21｜有描述(>50字) 9｜有店铺名 21｜有法规属性 0
