目标 27 条｜已成功 2 条｜本轮待拉 25 条｜间隔 1.2s
[  1/ 25] ✓ PH      sold=317222    score=4.5  rev=22450   desc=649   legal=1  SEOUL SECRETS
[  2/ 25] ✓ PH →ID  sold=398104    score=4.5  rev=70      desc=28    legal=0  MISS SXY
[  3/ 25] ✓ PH      sold=66978     score=5    rev=1       desc=0     legal=1  Teashell PH Skincare
[  4/ 25] ✓ PH      sold=180170    score=4.6  rev=21989   desc=589   legal=1  Rosmarskinessentials
[  5/ 25] ✓ PH →ID  sold=1105770   score=4.7  rev=100469  desc=1496  legal=1  shopwithbonita
[  6/ 25] ✓ PH →ID  sold=915507    score=4.7  rev=93074   desc=148   legal=1  A&J Beauty and Welln
[  7/ 25] ✓ PH      sold=474588    score=4.8  rev=49423   desc=282   legal=1  Chu Chu Beauty
[  8/ 25] ✓ PH      sold=2750804   score=4.8  rev=279438  desc=1598  legal=1  The Originote.PH
[  9/ 25] ✓ PH →ID  sold=37856     score=4.3  rev=1728    desc=836   legal=0  Veloura Lashes
[ 10/ 25] ✓ PH      sold=852188    score=4.8  rev=67866   desc=1292  legal=1  Dermorepubliq
[ 11/ 25] ✓ PH      sold=4890758   score=4.9  rev=571983  desc=757   legal=1  A&J Beauty and Welln
[ 12/ 25] ✓ PH      sold=313313    score=4.8  rev=15579   desc=793   legal=1  Pyary Philippines Ma
[ 13/ 25] ✓ PH      sold=208323    score=4.7  rev=20671   desc=1659  legal=1  Sea Makeup Philippin
[ 14/ 25] ✓ PH      sold=229385    score=4.6  rev=17439   desc=351   legal=1  ASEP SKIN
[ 15/ 25] ✓ PH →ID  sold=47475     score=4.6  rev=3520    desc=1839  legal=1  KoKei PH
[ 16/ 25] ✓ PH →ID  sold=207270    score=4.7  rev=17109   desc=180   legal=0  EASY LIVE 001
[ 17/ 25] ✓ PH      sold=292       score=4.6  rev=5       desc=0     legal=0  Velentique Beauty Bo
[ 18/ 25] ✓ PH      sold=302       score=4.2  rev=6       desc=0     legal=0  Velentique Beauty Bo
[ 19/ 25] ✓ PH      sold=405       score=3.3  rev=4       desc=0     legal=0  Warm Reed Grove
[ 20/ 25] ✓ PH →ID  sold=558       score=4.2  rev=6       desc=0     legal=0  Elavique Blush Studi
[ 21/ 25] ✓ PH      sold=375       score=4.4  rev=7       desc=0     legal=0  Warm Reed Grove
[ 22/ 25] ✓ PH →ID  sold=322       score=4.8  rev=9       desc=0     legal=0  Breezy Pasar Corner
[ 23/ 25] ✓ PH →ID  sold=161       score=4.3  rev=3       desc=0     legal=0  Genuine Local Outpos
[ 24/ 25] ✓ PH →ID  sold=507       score=5    rev=10      desc=0     legal=0  Pristine Sunda Calm
[ 25/ 25] ✓ PH →ID  sold=225       score=4.1  rev=7       desc=0     legal=0  Briny Fern Cottage

本轮 成功 25 / 失败 0 ｜ 耗时 558 秒
累计成功 27 / 27 条（100%）
有评分 27｜有评价数 27｜有描述(>50字) 16｜有店铺名 27｜有法规属性 15
