目标 21 条｜已成功 0 条｜本轮待拉 21 条｜间隔 1.2s
[  1/ 21] ✓ VN →ID  sold=99347     score=4.5  rev=2626    desc=0     legal=0  SAFEMILD Skincare St
[  2/ 21] ✓ VN      sold=277922    score=5    rev=3       desc=56    legal=0  COLORKEY COSMETICS V
[  3/ 21] ✓ VN      sold=555122    score=4.8  rev=50      desc=42    legal=0  COLORKEY COSMETICS V
[  4/ 21] ✓ VN →ID  sold=666008    score=4.8  rev=21605   desc=103   legal=0  MIlai Nhật ký
[  5/ 21] ✓ VN      sold=42918     score=4.3  rev=2299    desc=1006  legal=0  LOVIRA STORE
[  6/ 21] ✓ VN →ID  sold=402576    score=4.7  rev=11172   desc=715   legal=0  MILAI Vietnam
[  7/ 21] ✓ VN      sold=1651124   score=4.6  rev=62849   desc=0     legal=0  FANEYES SHOP1
[  8/ 21] ✓ VN      sold=1992258   score=5    rev=1       desc=111   legal=0  CeraVe Việt Nam
[  9/ 21] ✓ VN →ID  sold=1281672   score=5    rev=2       desc=86    legal=0  CeraVe Việt Nam
[ 10/ 21] ✓ VN      sold=152329    score=4.6  rev=11488   desc=0     legal=0  JMCY Cosmetics VN
[ 11/ 21] ✓ VN →ID  sold=238105    score=4    rev=2       desc=0     legal=0  MISTINE BWG VN
[ 12/ 21] ✓ VN →ID  sold=1726      score=0    rev=0       desc=2038  legal=0  TOKYO ELITE-Lông Mềm
[ 13/ 21] ✓ VN      sold=1061      score=3.7  rev=17      desc=0     legal=0  Lumessia Beauty Hous
[ 14/ 21] ✓ VN      sold=1676      score=4.1  rev=17      desc=0     legal=0  Golden Hour Cosmetic
[ 15/ 21] ✓ VN      sold=880       score=4.5  rev=24      desc=0     legal=0  Thorne Iris Radiance
[ 16/ 21] ✓ VN      sold=368       score=5    rev=2       desc=0     legal=0  Rosavique Luxe Bouti
[ 17/ 21] ✓ VN      sold=268       score=0    rev=0       desc=67    legal=0  COLORKEY VIỆT NAM
[ 18/ 21] ✓ VN →ID  sold=333       score=2.9  rev=14      desc=0     legal=0  Opal Hush Flora Atel
[ 19/ 21] ✓ VN →ID  sold=436       score=3.3  rev=16      desc=0     legal=0  Lunamora Petal Ateli
[ 20/ 21] ✓ VN →ID  sold=873       score=4.7  rev=13      desc=0     legal=0  Amavique Beauty Atel
[ 21/ 21] ✓ VN      sold=484       score=4.1  rev=15      desc=0     legal=0  Noir Wind Radiance H

本轮 成功 21 / 失败 0 ｜ 耗时 552 秒
累计成功 21 / 21 条（100%）
有评分 21｜有评价数 21｜有描述(>50字) 8｜有店铺名 21｜有法规属性 0
