目标 21 条｜已成功 0 条｜本轮待拉 21 条｜间隔 1.2s
[  1/ 21] ✓ TH      sold=2234649   score=4.9  rev=182855  desc=810   legal=0  Maybelline TH
[  2/ 21] ✓ TH →ID  sold=147854    score=4.7  rev=1806    desc=0     legal=0  Mini-home
[  3/ 21] ✓ TH      sold=705235    score=4.7  rev=30602   desc=62    legal=0  อุ้นสาธิดาเฮิร์บ
[  4/ 21] ✓ TH →ID  sold=34752     score=0    rev=0       desc=0     legal=0  Happy Girl Nail Art
[  5/ 21] ✓ TH →ID  sold=334726    score=4.9  rev=28968   desc=115   legal=0  CEO V WHITE
[  6/ 21] ✓ TH →ID  sold=1215658   score=4.8  rev=125410  desc=0     legal=0  JMCY Beauty.TH
[  7/ 21] ✓ TH →ID  sold=296756    score=4.8  rev=1754    desc=447   legal=0  pala makeup
[  8/ 21] ✓ TH      sold=38164     score=4.9  rev=2869    desc=397   legal=0  ซ้อฝันช่องจริง ตะกร้
[  9/ 21] ✓ TH →ID  sold=48317     score=4.8  rev=2249    desc=419   legal=0  Hottie nails art
[ 10/ 21] ✓ TH      sold=613148    score=4.9  rev=41154   desc=680   legal=0  MilaiLashTH
[ 11/ 21] ✓ TH      sold=2089      score=4.7  rev=80      desc=427   legal=0  Happy see
[ 12/ 21] ✓ TH →ID  sold=520       score=4.4  rev=16      desc=0     legal=0  Bellestique Velvet C
[ 13/ 21] ✓ TH →ID  sold=326       score=5    rev=3       desc=627   legal=0  XiyanTrading
[ 14/ 21] ✓ TH →ID  sold=350       score=0    rev=0       desc=0     legal=0  Fancheng-beauty
[ 15/ 21] ✓ TH →ID  sold=1215      score=4.5  rev=42      desc=0     legal=0  Honey Dew Makeup
[ 16/ 21] ✓ TH      sold=275       score=4.8  rev=5       desc=0     legal=0  NexaGoods TH
[ 17/ 21] ✓ TH →ID  sold=688       score=4.6  rev=10      desc=0     legal=0  Breeze Amber Glow Lo
[ 18/ 21] ✓ TH      sold=179       score=5    rev=1       desc=0     legal=0  Honey Thicket Loft
[ 19/ 21] ✗ TH  【ซื้อ 1 แถม 1】ครีมให้ความชุ่   no_product_info_component
[ 20/ 21] ✓ TH →ID  sold=123       score=4    rev=2       desc=0     legal=0  Welliy
